// Jest Snapshot v1, https://goo.gl/fbAQLP

exports[`The Button component should match the snapshot 1`] = `
<Button>
  <button />
</Button>
`;
